
> reddeoficio@0.0.1 build
> astro build

[2m12:30:56[22m [34m[vite][39m Re-optimizing dependencies because vite config has changed
[2m12:30:56[22m [34m[content][39m Syncing content
[2m12:30:56[22m [34m[content][39m Synced content
[2m12:30:56[22m [34m[types][39m Generated [2m699ms[22m
[2m12:30:56[22m [34m[build][39m output: [34m"server"[39m
[2m12:30:56[22m [34m[build][39m mode: [34m"server"[39m
[2m12:30:56[22m [34m[build][39m directory: [34mD:\Documentos web\backup\Screenshot 08-01 - copia\reddeoficio\dist\[39m
[2m12:30:56[22m [34m[build][39m adapter: [32m@astrojs/vercel[39m
[2m12:30:56[22m [34m[build][39m Collecting build info...
[2m12:30:56[22m [34m[build][39m [32mÔ£ô Completed in 864ms.[39m
[2m12:30:57[22m [34m[build][39m Building server entrypoints...
[2m12:31:02[22m [34m[vite][39m [32mÔ£ô built in 5.94s[39m
[2m12:31:02[22m [34m[build][39m [32mÔ£ô Completed in 5.99s.[39m

[42m[30m building client (vite) [39m[49m
[2m12:31:03[22m [34m[vite][39m transforming...
[2m12:31:03[22m [34m[vite][39m [32mÔ£ô[39m 25 modules transformed.
node.exe : [31m[1m12:31:03[22m 
[ERROR] [vite][39m [31mÔ£ù[39m Build 
failed in 163ms
En línea: 1 Carácter: 1
+ & "C:\Program Files\nodejs/node.exe" 
"C:\Users\lucas\AppData\Roaming\ ...
+ ~~~~~~~~~~~~~~~~~~~~~~~~~~~~~~~~~~~~~~~
~~~~~~~~~~~~~~~~~~~~~~~~~~~~~~
    + CategoryInfo          : NotSpecifi 
   ed: ([31m[1m12:31:...failed in 163  
  ms:String) [], RemoteException
    + FullyQualifiedErrorId : NativeComm 
   andError
 
Expected identifier but found "{"
  [1mLocation:[22m
    [4mD:/Documentos 
web/backup/Screenshot 08-01 - copia/redde
oficio/src/pages/panel/clientes.astro?ast
ro&type=script&index=0&lang.ts:250:32[24
m
  [1mStack trace:[22m
[2m    at failureErrorWithLog 
(D:\Documentos web\backup\Screenshot 
08-01 - copia\reddeoficio\node_modules\es
build\lib\main.js:1467:15)
    at responseCallbacks.<computed> 
(D:\Documentos web\backup\Screenshot 
08-01 - copia\reddeoficio\node_modules\es
build\lib\main.js:603:9)
    at Socket.readFromStdout 
(D:\Documentos web\backup\Screenshot 
08-01 - copia\reddeoficio\node_modules\es
build\lib\main.js:581:7)
    at addChunk 
(node:internal/streams/readable:559:12)
    at Readable.push (node:internal/strea
ms/readable:390:5)[22m
